BL51 BANKED LINKER/LOCATER V6.22.2.0                                                    02/06/2020  19:39:09  PAGE 1


BL51 BANKED LINKER/LOCATER V6.22.2.0, INVOKED BY:
C:\KEIL_V5\C51\BIN\BL51.EXE .\Objects\main.obj, .\Objects\delay.obj TO .\Objects\main PRINT (.\Listings\main.m51) RAMSIZ
>> E (256)


MEMORY MODEL: SMALL


INPUT MODULES INCLUDED:
  .\Objects\main.obj (MAIN)
  .\Objects\delay.obj (DELAY)
  C:\KEIL_V5\C51\LIB\C51S.LIB (?C_STARTUP)
  C:\KEIL_V5\C51\LIB\C51S.LIB (?C_INIT)


LINK MAP OF MODULE:  .\Objects\main (MAIN)


            TYPE    BASE      LENGTH    RELOCATION   SEGMENT NAME
            -----------------------------------------------------

            * * * * * * *   D A T A   M E M O R Y   * * * * * * *
            REG     0000H     0008H     ABSOLUTE     "REG BANK 0"
            DATA    0008H     0033H     UNIT         ?DT?MAIN
            IDATA   003BH     0001H     UNIT         ?STACK

            * * * * * * *   C O D E   M E M O R Y   * * * * * * *
            CODE    0000H     0003H     ABSOLUTE     
            CODE    0003H     008CH     UNIT         ?C_C51STARTUP
            CODE    008FH     003FH     UNIT         ?C_INITSEG
            CODE    00CEH     0036H     UNIT         ?PR?MAIN?MAIN
            CODE    0104H     0033H     UNIT         ?PR?_SEND_DATA_COT?MAIN
            CODE    0137H     0020H     UNIT         ?PR?_DELAY_MS?DELAY
            CODE    0157H     000AH     UNIT         ?PR?_DELAY_US?DELAY



OVERLAY MAP OF MODULE:   .\Objects\main (MAIN)


SEGMENT
  +--> CALLED SEGMENT
---------------------
?C_C51STARTUP
  +--> ?PR?MAIN?MAIN
  +--> ?C_INITSEG

?PR?MAIN?MAIN
  +--> ?PR?_SEND_DATA_COT?MAIN
  +--> ?PR?_DELAY_MS?DELAY



SYMBOL TABLE OF MODULE:  .\Objects\main (MAIN)

  VALUE           TYPE          NAME
  ----------------------------------

BL51 BANKED LINKER/LOCATER V6.22.2.0                                                  02/06/2020  19:39:09  PAGE 2


  -------         MODULE        MAIN
  C:0000H         SYMBOL        _ICE_DUMMY_
  D:0080H         PUBLIC        P0
  D:00A0H         PUBLIC        P2
  B:0080H.0       PUBLIC        SH_CP
  B:0080H.1       PUBLIC        DS
  B:0080H.2       PUBLIC        ST_CP
  C:00CEH         PUBLIC        main
  C:0104H         PUBLIC        _Send_data_cot
  D:0008H         PUBLIC        a
  D:0018H         PUBLIC        b
  D:0038H         PUBLIC        i
  D:0039H         PUBLIC        j
  D:003AH         PUBLIC        k
  -------         PROC          MAIN
  C:00CEH         LINE#         24
  C:00CEH         LINE#         25
  C:00CEH         LINE#         26
  C:00CEH         LINE#         27
  C:00CEH         LINE#         28
  C:00DCH         LINE#         29
  C:00DCH         LINE#         30
  C:00E4H         LINE#         31
  C:00F3H         LINE#         32
  C:00FAH         LINE#         33
  C:0100H         LINE#         34
  -------         ENDPROC       MAIN
  -------         PROC          _SEND_DATA_COT
  D:0006H         SYMBOL        _data
  -------         DO            
  D:0005H         SYMBOL        n
  D:0002H         SYMBOL        tam
  -------         ENDDO         
  C:0104H         LINE#         42
  C:0104H         LINE#         43
  C:0104H         LINE#         47
  C:0106H         LINE#         48
  C:0108H         LINE#         49
  C:010AH         LINE#         50
  C:0116H         LINE#         51
  C:0116H         LINE#         52
  C:011AH         LINE#         53
  C:0121H         LINE#         55
  C:0125H         LINE#         56
  C:0125H         LINE#         57
  C:0127H         LINE#         58
  C:0129H         LINE#         60
  C:0129H         LINE#         61
  C:012BH         LINE#         62
  C:012BH         LINE#         64
  C:012DH         LINE#         65
  C:012FH         LINE#         66
  C:0132H         LINE#         68
  C:0134H         LINE#         69
  C:0136H         LINE#         70
  -------         ENDPROC       _SEND_DATA_COT
  -------         ENDMOD        MAIN
BL51 BANKED LINKER/LOCATER V6.22.2.0                                                  02/06/2020  19:39:09  PAGE 3



  -------         MODULE        DELAY
  C:0000H         SYMBOL        _ICE_DUMMY_
  C:0137H         PUBLIC        _delay_ms
  C:0157H         PUBLIC        _delay_us
  -------         PROC          _DELAY_MS
  D:0006H         SYMBOL        Time
  -------         DO            
  D:0004H         SYMBOL        i
  D:0002H         SYMBOL        j
  -------         ENDDO         
  C:0137H         LINE#         19
  C:0137H         LINE#         20
  C:0137H         LINE#         22
  C:0141H         LINE#         23
  C:0141H         LINE#         24
  C:014FH         LINE#         25
  C:0156H         LINE#         26
  -------         ENDPROC       _DELAY_MS
  -------         PROC          _DELAY_US
  D:0006H         SYMBOL        Time
  C:0157H         LINE#         32
  C:0157H         LINE#         33
  C:0157H         LINE#         34
  C:0160H         LINE#         35
  -------         ENDPROC       _DELAY_US
  -------         ENDMOD        DELAY

*** WARNING L16: UNCALLED SEGMENT, IGNORED FOR OVERLAY PROCESS
    SEGMENT: ?PR?_DELAY_US?DELAY

Program Size: data=60.0 xdata=0 code=353
LINK/LOCATE RUN COMPLETE.  1 WARNING(S),  0 ERROR(S)
