C51 COMPILER V9.60.0.0   I2C                                                               06/09/2023 01:27:02 PAGE 1   


C51 COMPILER V9.60.0.0, COMPILATION OF MODULE I2C
OBJECT MODULE PLACED IN .\Objects\i2c.obj
COMPILER INVOKED BY: C:\Keil_v5\C51\BIN\C51.EXE i2c.c OPTIMIZE(8,SPEED) BROWSE DEBUG OBJECTEXTEND PRINT(.\Listings\i2c.l
                    -st) TABS(2) OBJECT(.\Objects\i2c.obj)

line level    source

   1          /****************Khai báo chân giao tiep I2C***************************/ 
   2          #include <regx52.h>
   3          
   4          sbit SCL = P3^0;
   5          sbit SDA = P3^1;
   6          
   7          /****************Cac ham giao tiep I2C***************************/
   8          void I2C_time_start() {
   9   1        SCL = 1;
  10   1        SDA = 1;
  11   1        SDA = 0;
  12   1        SCL = 0;
  13   1      }
  14          void I2C_time_stop() {
  15   1        SCL = 1;
  16   1        SDA = 0;
  17   1        SDA = 1;
  18   1        SCL = 1;
  19   1      }
  20          unsigned char I2C_write(unsigned char dat) {
  21   1        unsigned char i;
  22   1        for (i = 0; i < 8; i++) {
  23   2          SDA = (dat & 0x80); ///? 1:0;
  24   2          SCL = 1;
  25   2          SCL = 0;
  26   2          dat <<= 1;
  27   2        }
  28   1        SCL = 1;
  29   1        SCL = 0;
  30   1        return dat;
  31   1      }
  32          unsigned char I2C_read(void) {
  33   1        bit rd_bit;
  34   1        unsigned char i, dat;
  35   1        dat = 0x00;
  36   1        for (i = 0; i < 8; i++) {
  37   2          /* For loop read data 1 byte */
  38   2          SCL = 1;
  39   2          rd_bit = SDA; /* Keep for check acknowledge */
  40   2          dat = dat << 1;
  41   2          dat = dat | rd_bit; /* Keep bit data in dat */
  42   2          SCL = 0; /* Clear SCL */
  43   2        }
  44   1        return dat;
  45   1      }


MODULE INFORMATION:   STATIC OVERLAYABLE
   CODE SIZE        =     85    ----
   CONSTANT SIZE    =   ----    ----
   XDATA SIZE       =   ----    ----
   PDATA SIZE       =   ----    ----
   DATA SIZE        =   ----    ----
   IDATA SIZE       =   ----    ----
C51 COMPILER V9.60.0.0   I2C                                                               06/09/2023 01:27:02 PAGE 2   

   BIT SIZE         =   ----       1
END OF MODULE INFORMATION.


C51 COMPILATION COMPLETE.  0 WARNING(S),  0 ERROR(S)
